# Read in 1115 genbank sequences.
Quantiles of the GC contents in the training set:
0%	0.253
5%	0.315	10%	0.322
15%	0.327	20%	0.33
25%	0.333	30%	0.335
35%	0.338	40%	0.34
45%	0.342	50%	0.344
55%	0.346	60%	0.348
65%	0.35	70%	0.352
75%	0.354	80%	0.357
85%	0.359	90%	0.363
95%	0.368	100%	0.393
HMM-training the parameters...
i= 0 bc= (0.237, 0.263, 0.263, 0.237)
 ** building model for exons *EXON*
start codon frequencies: ATG(1115)
# admissible start codons and their probabilities: ATG(1), CTG(0), TTG(0)
 number of bases in the reading frames: 494463 495560 495561
--- frame = 0 ---    minPatSum = 233
--- frame = 1 ---    minPatSum = 233
--- frame = 2 ---    minPatSum = 233
--- initial frame = 0 ---    minPatSum = 233
--- initial frame = 1 ---    minPatSum = 233
--- initial frame = 2 ---    minPatSum = 233
--- internal exon terminal frame = 0 ---    minPatSum = 233
--- internal exon terminal frame = 1 ---    minPatSum = 233
--- internal exon terminal frame = 2 ---    minPatSum = 233
single, initial, internal, terminal mean exon lengths :
1092	119	186	636
single exon : 995
initial exon 0 : 49
initial exon 1 : 41
initial exon 2 : 30
internal exon 0 : 5
internal exon 1 : 5
internal exon 2 : 6
terminal exon : 120
Frequency of stop codons:
tag:  343 (0.308)
taa:  612 (0.549)
tga:  160 (0.143)
end *EXON*
Storing parameters to file...
Writing exon model parameters [1] to file /projects6/yeast-2026/canCor/annot/au-2-train/config/species/canCor/canCor_exon_probs.pbl.
